﻿[36mvite v8.0.3 [32mbuilding client environment for production...[36m[39m
[2K
transforming...Γ£ô 611 modules transformed.
rendering chunks...
computing gzip size...
dist/index.html                   0.64 kB Γöé gzip:   0.39 kB
dist/assets/index-CXJDXNwH.css   22.89 kB Γöé gzip:   4.61 kB
dist/assets/index-CYg1bG39.js   977.77 kB Γöé gzip: 294.72 kB

node.exe : [33m[plugin builtin:vite-reporter] 
At C:\Program Files\nodejs\npx.ps1:29 char:3
+   & $NODE_EXE $NPX_CLI_JS $args
+   ~~~~~~~~~~~~~~~~~~~~~~~~~~~~~
    + CategoryInfo          : NotSpecified: ([33m[pl 
   ugin builtin:vite-reporter] :String) [], RemoteEx  
  ception
    + FullyQualifiedErrorId : NativeCommandError
 
(!) Some chunks are larger than 500 kB after 
minification. Consider:
- Using dynamic import() to code-split the application
- Use build.rolldownOptions.output.codeSplitting to 
improve chunking: https://rolldown.rs/reference/Output
Options.codeSplitting
- Adjust chunk size limit for this warning via 
build.chunkSizeWarningLimit.[39m
[31mΓ£ù[39m Build failed in 566ms
[31merror during build:
[31mBuild failed with 1 error:

Error: [vite]: Rolldown failed to resolve import 
"react-is" from "C:/Users/ASUS/Downloads/Fack social m
edia/frontend/node_modules/recharts/es6/util/ReactUtil
s.js".
This is most likely unintended because it can break 
your application at runtime.
If you do want to externalize this module explicitly 
add it to
`build.rollupOptions.external`
    at viteLog (file:///C:/Users/ASUS/Downloads/Fack%2
0social%20media/frontend/node_modules/vite/dist/node/c
hunks/node.js:32942:57)
    at file:///C:/Users/ASUS/Downloads/Fack%20social%2
0media/frontend/node_modules/vite/dist/node/chunks/nod
e.js:32978:71
    at onwarn (file:///C:/Users/ASUS/Downloads/Fack%20
social%20media/frontend/node_modules/@vitejs/plugin-re
act/dist/index.js:40:7)
    at file:///C:/Users/ASUS/Downloads/Fack%20social%2
0media/frontend/node_modules/vite/dist/node/chunks/nod
e.js:32978:28
    at onRollupLog (file:///C:/Users/ASUS/Downloads/Fa
ck%20social%20media/frontend/node_modules/vite/dist/no
de/chunks/node.js:32973:63)
    at onLog (file:///C:/Users/ASUS/Downloads/Fack%20s
ocial%20media/frontend/node_modules/vite/dist/node/chu
nks/node.js:32743:4)
    at file:///C:/Users/ASUS/Downloads/Fack%20social%2
0media/frontend/node_modules/rolldown/dist/shared/roll
down-build-CPrIX9V6.mjs:49:26
    at logger (file:///C:/Users/ASUS/Downloads/Fack%20
social%20media/frontend/node_modules/rolldown/dist/sha
red/rolldown-build-CPrIX9V6.mjs:40:3)
    at onLog (file:///C:/Users/ASUS/Downloads/Fack%20s
ocial%20media/frontend/node_modules/rolldown/dist/shar
ed/bindingify-input-options-e7ze4hPR.mjs:1972:32)[31m
    at aggregateBindingErrorsIntoJsError (file:///C:/U
sers/ASUS/Downloads/Fack%20social%20media/frontend/nod
e_modules/rolldown/dist/shared/error-BLhcSyeg.mjs:48:1
8)
    at unwrapBindingResult (file:///C:/Users/ASUS/Down
loads/Fack%20social%20media/frontend/node_modules/roll
down/dist/shared/error-BLhcSyeg.mjs:18:128)
    at #build (file:///C:/Users/ASUS/Downloads/Fack%20
social%20media/frontend/node_modules/rolldown/dist/sha
red/rolldown-build-CPrIX9V6.mjs:3313:34)
    at async buildEnvironment (file:///C:/Users/ASUS/D
ownloads/Fack%20social%20media/frontend/node_modules/v
ite/dist/node/chunks/node.js:32849:64)
    at async Object.build (file:///C:/Users/ASUS/Downl
oads/Fack%20social%20media/frontend/node_modules/vite/
dist/node/chunks/node.js:33271:19)
    at async Object.buildApp (file:///C:/Users/ASUS/Do
wnloads/Fack%20social%20media/frontend/node_modules/vi
te/dist/node/chunks/node.js:33268:153)
    at async CAC.<anonymous> (file:///C:/Users/ASUS/Do
wnloads/Fack%20social%20media/frontend/node_modules/vi
te/dist/node/cli.js:778:3) {
  errors: [Getter/Setter]
}[39m
